
> prompt-app@0.0.1 build
> vite build

[36mvite v7.3.1 [32mbuilding ssr environment for production...[36m[39m
transforming...
[32m✓[39m 197 modules transformed.
rendering chunks...
[36mvite v7.3.1 [32mbuilding client environment for production...[36m[39m
transforming...
[32m✓[39m 157 modules transformed.
rendering chunks...
computing gzip size...
[2m.svelte-kit/output/client/[22m[32m_app/version.json                       [39m[1m[2m 0.03 kB[22m[1m[22m[2m │ gzip:  0.05 kB[22m
[2m.svelte-kit/output/client/[22m[32m.vite/manifest.json                     [39m[1m[2m 2.83 kB[22m[1m[22m[2m │ gzip:  0.57 kB[22m
[2m.svelte-kit/output/client/[22m[35m_app/immutable/assets/2.CFnmwp7t.css    [39m[1m[2m 2.10 kB[22m[1m[22m[2m │ gzip:  0.78 kB[22m
[2m.svelte-kit/output/client/[22m[35m_app/immutable/assets/0.BXTfz0Wn.css    [39m[1m[2m 2.66 kB[22m[1m[22m[2m │ gzip:  1.09 kB[22m
[2m.svelte-kit/output/client/[22m[36m_app/immutable/chunks/DsnmJJEf.js       [39m[1m[2m 0.07 kB[22m[1m[22m[2m │ gzip:  0.08 kB[22m
[2m.svelte-kit/output/client/[22m[36m_app/immutable/entry/start.CdyRutaJ.js  [39m[1m[2m 0.08 kB[22m[1m[22m[2m │ gzip:  0.09 kB[22m
[2m.svelte-kit/output/client/[22m[36m_app/immutable/chunks/CYHIqrwk.js       [39m[1m[2m 0.35 kB[22m[1m[22m[2m │ gzip:  0.26 kB[22m
[2m.svelte-kit/output/client/[22m[36m_app/immutable/nodes/1.yENNkfpP.js      [39m[1m[2m 1.00 kB[22m[1m[22m[2m │ gzip:  0.58 kB[22m
[2m.svelte-kit/output/client/[22m[36m_app/immutable/chunks/C9w_nJCt.js       [39m[1m[2m 1.24 kB[22m[1m[22m[2m │ gzip:  0.71 kB[22m
[2m.svelte-kit/output/client/[22m[36m_app/immutable/nodes/0.BRKJezWm.js      [39m[1m[2m 2.82 kB[22m[1m[22m[2m │ gzip:  1.17 kB[22m
[2m.svelte-kit/output/client/[22m[36m_app/immutable/entry/app.DtDhL2yP.js    [39m[1m[2m 6.54 kB[22m[1m[22m[2m │ gzip:  3.09 kB[22m
[2m.svelte-kit/output/client/[22m[36m_app/immutable/chunks/B-QEMFIo.js       [39m[1m[2m 6.94 kB[22m[1m[22m[2m │ gzip:  3.14 kB[22m
[2m.svelte-kit/output/client/[22m[36m_app/immutable/nodes/2.DEW0ZE0j.js      [39m[1m[2m12.48 kB[22m[1m[22m[2m │ gzip:  5.56 kB[22m
[2m.svelte-kit/output/client/[22m[36m_app/immutable/chunks/BmqR_s2R.js       [39m[1m[2m25.57 kB[22m[1m[22m[2m │ gzip:  9.95 kB[22m
[2m.svelte-kit/output/client/[22m[36m_app/immutable/chunks/B_JE2Ltc.js       [39m[1m[2m27.10 kB[22m[1m[22m[2m │ gzip: 10.61 kB[22m
[32m✓ built in 2.00s[39m
[2m.svelte-kit/output/server/[22m[32m.vite/manifest.json                         [39m[1m[2m  3.40 kB[22m[1m[22m
[2m.svelte-kit/output/server/[22m[35m_app/immutable/assets/_page.CFnmwp7t.css    [39m[1m[2m  2.10 kB[22m[1m[22m
[2m.svelte-kit/output/server/[22m[35m_app/immutable/assets/_layout.CpNImlV3.css  [39m[1m[2m  2.62 kB[22m[1m[22m
[2m.svelte-kit/output/server/[22m[36minternal.js                                 [39m[1m[2m  0.33 kB[22m[1m[22m
[2m.svelte-kit/output/server/[22m[36mchunks/equality.js                          [39m[1m[2m  0.33 kB[22m[1m[22m
[2m.svelte-kit/output/server/[22m[36mchunks/state.svelte.js                      [39m[1m[2m  0.38 kB[22m[1m[22m
[2m.svelte-kit/output/server/[22m[36mchunks/environment.js                       [39m[1m[2m  0.65 kB[22m[1m[22m
[2m.svelte-kit/output/server/[22m[36mchunks/utils2.js                            [39m[1m[2m  0.91 kB[22m[1m[22m
[2m.svelte-kit/output/server/[22m[36mentries/fallbacks/error.svelte.js           [39m[1m[2m  1.09 kB[22m[1m[22m
[2m.svelte-kit/output/server/[22m[36mchunks/utils.js                             [39m[1m[2m  1.15 kB[22m[1m[22m
[2m.svelte-kit/output/server/[22m[36mchunks/index.js                             [39m[1m[2m  1.46 kB[22m[1m[22m
[2m.svelte-kit/output/server/[22m[36mentries/pages/_page.server.ts.js            [39m[1m[2m  1.52 kB[22m[1m[22m
[2m.svelte-kit/output/server/[22m[36mchunks/context.js                           [39m[1m[2m  1.70 kB[22m[1m[22m
[2m.svelte-kit/output/server/[22m[36mentries/pages/_layout.svelte.js             [39m[1m[2m  2.83 kB[22m[1m[22m
[2m.svelte-kit/output/server/[22m[36mentries/pages/_page.svelte.js               [39m[1m[2m  2.96 kB[22m[1m[22m
[2m.svelte-kit/output/server/[22m[36mchunks/exports.js                           [39m[1m[2m  5.59 kB[22m[1m[22m
[2m.svelte-kit/output/server/[22m[36mremote-entry.js                             [39m[1m[2m 18.25 kB[22m[1m[22m
[2m.svelte-kit/output/server/[22m[36mchunks/shared.js                            [39m[1m[2m 18.45 kB[22m[1m[22m
[2m.svelte-kit/output/server/[22m[36mchunks/index2.js                            [39m[1m[2m 29.32 kB[22m[1m[22m
[2m.svelte-kit/output/server/[22m[36mchunks/internal.js                          [39m[1m[2m 76.26 kB[22m[1m[22m
[2m.svelte-kit/output/server/[22m[36mindex.js                                    [39m[1m[2m126.87 kB[22m[1m[22m
[32m✓ built in 11.24s[39m

Run npm run preview to preview your production build locally.

> Using @sveltejs/adapter-vercel
[31merror during build:
Error: EPERM: operation not permitted, symlink '![-]\catchall.func' -> 'F:\svelte\prompt-app\.vercel\output\functions\index.func'
    at Object.symlinkSync (node:fs:1879:11)
    at adapt (file:///F:/svelte/prompt-app/node_modules/@sveltejs/adapter-vercel/index.js:451:9)
    at async adapt (file:///F:/svelte/prompt-app/node_modules/@sveltejs/kit/src/core/adapt/index.js:41:2)
    at async finalise (file:///F:/svelte/prompt-app/node_modules/@sveltejs/kit/src/exports/vite/index.js:1329:7)
    at async Object.handler (file:///F:/svelte/prompt-app/node_modules/@sveltejs/kit/src/exports/vite/index.js:1360:5)
    at async PluginDriver.hookParallel (file:///F:/svelte/prompt-app/node_modules/rollup/dist/es/shared/node-entry.js:22471:17)
    at async Object.close (file:///F:/svelte/prompt-app/node_modules/rollup/dist/es/shared/node-entry.js:23490:13)
    at async buildEnvironment (file:///F:/svelte/prompt-app/node_modules/vite/dist/node/chunks/config.js:33555:15)
    at async Object.build (file:///F:/svelte/prompt-app/node_modules/vite/dist/node/chunks/config.js:33900:19)
    at async Object.buildApp (file:///F:/svelte/prompt-app/node_modules/vite/dist/node/chunks/config.js:33897:153)[39m
